{
    "name": "notifications",
    "max_size": 5,
    "per_page": 2,
    "activities": [ 

    ]

}