{
    "feeds": [
      {
        "name": "news",
        "max_size": 5,
        "per_page": 2,
        "provider": {
          "engine": "redis",
          "arguments": {
            "host": "127.0.0.1",
            "port": 6739,
            "pool": 4,
            "db": 2
          }
        },
        "data": [
          {
            "user_id": "Jack",
            "activity": [
              {
                "value": "John liked Robert",
                "at": "2018-3-24 23:32:56 -0800"
              },
              {
                "value": "debbie liked Robert",
                "at": "2018-3-24 23:32:56 -0800"
              }
            ],
            "last_read": "2018-3-24 23:32:56 -0800",
            "unread": 1,
            "count": 2
          },
          {
            "user_id": 2,
            "activity": [
              {
                "value": "John is following Megan",
                "at": "2018-3-24 23:32:56 -0800"
              },
              {
                "value": "Konstantin is feeling great again",
                "at": "2018-3-24 23:32:56 -0800"
              },
              {
                "value": "Megan is following Konstantin",
                "at": "2018-3-24 23:32:56 -0800"
              }
            ],
            "last_read": "2018-3-24 23:32:56 -0800",
            "unread": 1,
            "count": 4
          }
        ]
      },
      {
        "name": "notifications",
        "max_size": 5,
        "per_page": 2,
        "provider": {
          "engine": "redis",
          "arguments": {
            "host": "127.0.0.1",
            "port": 6739,
            "pool": 4,
            "db": 2
          }
        },
        "data": [
          {
            "user_id": 1,
            "activity": [
              {
                "value": "you followed John",
                "at": "2018-3-24 23:32:56 -0800"
              },
              {
                "value": "your facebook friend D.Trump joined",
                "at": "2018-3-24 23:32:56 -0800"
              }
            ],
            "last_read": "2018-3-24 23:32:56 -0800",
            "unread": 2,
            "count": 2
          },
          {
            "user_id": 2,
            "activity": [
              {
                "value": "your facebook friend amy joined",
                "at": "2018-3-24 23:32:56 -0800"
              },
              {
                "value": "your divorce proposal was rejected by your wife",
                "at": "2018-3-24 23:32:56 -0800"
              }
            ],
            "last_read": "2018-3-24 23:32:56 -0800",
            "unread": 2,
            "count": 2
          }
        ]
      }
    ]
  }